Analysis & Synthesis report for trafficlight
Fri Dec 26 21:06:29 2025
Quartus Prime Version 17.1.0 Build 590 10/25/2017 SJ Lite Edition


---------------------
; Table of Contents ;
---------------------
  1. Legal Notice
  2. Analysis & Synthesis Summary
  3. Analysis & Synthesis Settings
  4. Parallel Compilation
  5. Analysis & Synthesis Source Files Read
  6. Analysis & Synthesis Resource Usage Summary
  7. Analysis & Synthesis Resource Utilization by Entity
  8. State Machine - |trafficlight|state
  9. Registers Removed During Synthesis
 10. General Register Statistics
 11. Inverted Register Statistics
 12. Parameter Settings for User Entity Instance: Top-level Entity: |trafficlight
 13. Parameter Settings for Inferred Entity Instance: lpm_divide:Mod0
 14. Parameter Settings for Inferred Entity Instance: lpm_divide:Div0
 15. Post-Synthesis Netlist Statistics for Top Partition
 16. Elapsed Time Per Partition
 17. Analysis & Synthesis Messages



----------------
; Legal Notice ;
----------------
Copyright (C) 2017  Intel Corporation. All rights reserved.
Your use of Intel Corporation's design tools, logic functions 
and other software and tools, and its AMPP partner logic 
functions, and any output files from any of the foregoing 
(including device programming or simulation files), and any 
associated documentation or information are expressly subject 
to the terms and conditions of the Intel Program License 
Subscription Agreement, the Intel Quartus Prime License Agreement,
the Intel FPGA IP License Agreement, or other applicable license
agreement, including, without limitation, that your use is for
the sole purpose of programming logic devices manufactured by
Intel and sold by Intel or its authorized distributors.  Please
refer to the applicable agreement for further details.



+----------------------------------------------------------------------------------+
; Analysis & Synthesis Summary                                                     ;
+------------------------------------+---------------------------------------------+
; Analysis & Synthesis Status        ; Successful - Fri Dec 26 21:06:29 2025       ;
; Quartus Prime Version              ; 17.1.0 Build 590 10/25/2017 SJ Lite Edition ;
; Revision Name                      ; trafficlight                                ;
; Top-level Entity Name              ; trafficlight                                ;
; Family                             ; Cyclone IV E                                ;
; Total logic elements               ; 223                                         ;
;     Total combinational functions  ; 216                                         ;
;     Dedicated logic registers      ; 60                                          ;
; Total registers                    ; 60                                          ;
; Total pins                         ; 34                                          ;
; Total virtual pins                 ; 0                                           ;
; Total memory bits                  ; 0                                           ;
; Embedded Multiplier 9-bit elements ; 0                                           ;
; Total PLLs                         ; 0                                           ;
+------------------------------------+---------------------------------------------+


+----------------------------------------------------------------------------------------------------------------------+
; Analysis & Synthesis Settings                                                                                        ;
+----------------------------------------------------------------------------+--------------------+--------------------+
; Option                                                                     ; Setting            ; Default Value      ;
+----------------------------------------------------------------------------+--------------------+--------------------+
; Device                                                                     ; EP4CE40U19A7       ;                    ;
; Top-level entity name                                                      ; trafficlight       ; trafficlight       ;
; Family name                                                                ; Cyclone IV E       ; Cyclone V          ;
; Use smart compilation                                                      ; Off                ; Off                ;
; Enable parallel Assembler and TimeQuest Timing Analyzer during compilation ; On                 ; On                 ;
; Enable compact report table                                                ; Off                ; Off                ;
; Restructure Multiplexers                                                   ; Auto               ; Auto               ;
; Create Debugging Nodes for IP Cores                                        ; Off                ; Off                ;
; Preserve fewer node names                                                  ; On                 ; On                 ;
; Intel FPGA IP Evaluation Mode                                              ; Enable             ; Enable             ;
; Verilog Version                                                            ; Verilog_2001       ; Verilog_2001       ;
; VHDL Version                                                               ; VHDL_1993          ; VHDL_1993          ;
; State Machine Processing                                                   ; Auto               ; Auto               ;
; Safe State Machine                                                         ; Off                ; Off                ;
; Extract Verilog State Machines                                             ; On                 ; On                 ;
; Extract VHDL State Machines                                                ; On                 ; On                 ;
; Ignore Verilog initial constructs                                          ; Off                ; Off                ;
; Iteration limit for constant Verilog loops                                 ; 5000               ; 5000               ;
; Iteration limit for non-constant Verilog loops                             ; 250                ; 250                ;
; Add Pass-Through Logic to Inferred RAMs                                    ; On                 ; On                 ;
; Infer RAMs from Raw Logic                                                  ; On                 ; On                 ;
; Parallel Synthesis                                                         ; On                 ; On                 ;
; DSP Block Balancing                                                        ; Auto               ; Auto               ;
; NOT Gate Push-Back                                                         ; On                 ; On                 ;
; Power-Up Don't Care                                                        ; On                 ; On                 ;
; Remove Redundant Logic Cells                                               ; Off                ; Off                ;
; Remove Duplicate Registers                                                 ; On                 ; On                 ;
; Ignore CARRY Buffers                                                       ; Off                ; Off                ;
; Ignore CASCADE Buffers                                                     ; Off                ; Off                ;
; Ignore GLOBAL Buffers                                                      ; Off                ; Off                ;
; Ignore ROW GLOBAL Buffers                                                  ; Off                ; Off                ;
; Ignore LCELL Buffers                                                       ; Off                ; Off                ;
; Ignore SOFT Buffers                                                        ; On                 ; On                 ;
; Limit AHDL Integers to 32 Bits                                             ; Off                ; Off                ;
; Optimization Technique                                                     ; Balanced           ; Balanced           ;
; Carry Chain Length                                                         ; 70                 ; 70                 ;
; Auto Carry Chains                                                          ; On                 ; On                 ;
; Auto Open-Drain Pins                                                       ; On                 ; On                 ;
; Perform WYSIWYG Primitive Resynthesis                                      ; Off                ; Off                ;
; Auto ROM Replacement                                                       ; On                 ; On                 ;
; Auto RAM Replacement                                                       ; On                 ; On                 ;
; Auto DSP Block Replacement                                                 ; On                 ; On                 ;
; Auto Shift Register Replacement                                            ; Auto               ; Auto               ;
; Allow Shift Register Merging across Hierarchies                            ; Auto               ; Auto               ;
; Auto Clock Enable Replacement                                              ; On                 ; On                 ;
; Strict RAM Replacement                                                     ; Off                ; Off                ;
; Allow Synchronous Control Signals                                          ; On                 ; On                 ;
; Force Use of Synchronous Clear Signals                                     ; Off                ; Off                ;
; Auto RAM Block Balancing                                                   ; On                 ; On                 ;
; Auto RAM to Logic Cell Conversion                                          ; Off                ; Off                ;
; Auto Resource Sharing                                                      ; Off                ; Off                ;
; Allow Any RAM Size For Recognition                                         ; Off                ; Off                ;
; Allow Any ROM Size For Recognition                                         ; Off                ; Off                ;
; Allow Any Shift Register Size For Recognition                              ; Off                ; Off                ;
; Use LogicLock Constraints during Resource Balancing                        ; On                 ; On                 ;
; Ignore translate_off and synthesis_off directives                          ; Off                ; Off                ;
; Timing-Driven Synthesis                                                    ; On                 ; On                 ;
; Report Parameter Settings                                                  ; On                 ; On                 ;
; Report Source Assignments                                                  ; On                 ; On                 ;
; Report Connectivity Checks                                                 ; On                 ; On                 ;
; Ignore Maximum Fan-Out Assignments                                         ; Off                ; Off                ;
; Synchronization Register Chain Length                                      ; 2                  ; 2                  ;
; Power Optimization During Synthesis                                        ; Normal compilation ; Normal compilation ;
; HDL message level                                                          ; Level2             ; Level2             ;
; Suppress Register Optimization Related Messages                            ; Off                ; Off                ;
; Number of Removed Registers Reported in Synthesis Report                   ; 5000               ; 5000               ;
; Number of Swept Nodes Reported in Synthesis Report                         ; 5000               ; 5000               ;
; Number of Inverted Registers Reported in Synthesis Report                  ; 100                ; 100                ;
; Clock MUX Protection                                                       ; On                 ; On                 ;
; Auto Gated Clock Conversion                                                ; Off                ; Off                ;
; Block Design Naming                                                        ; Auto               ; Auto               ;
; SDC constraint protection                                                  ; Off                ; Off                ;
; Synthesis Effort                                                           ; Auto               ; Auto               ;
; Shift Register Replacement - Allow Asynchronous Clear Signal               ; On                 ; On                 ;
; Pre-Mapping Resynthesis Optimization                                       ; Off                ; Off                ;
; Analysis & Synthesis Message Level                                         ; Medium             ; Medium             ;
; Disable Register Merging Across Hierarchies                                ; Auto               ; Auto               ;
; Resource Aware Inference For Block RAM                                     ; On                 ; On                 ;
+----------------------------------------------------------------------------+--------------------+--------------------+


+------------------------------------------+
; Parallel Compilation                     ;
+----------------------------+-------------+
; Processors                 ; Number      ;
+----------------------------+-------------+
; Number detected on machine ; 32          ;
; Maximum allowed            ; 16          ;
;                            ;             ;
; Average used               ; 1.00        ;
; Maximum used               ; 16          ;
;                            ;             ;
; Usage by Processor         ; % Time Used ;
;     Processor 1            ; 100.0%      ;
;     Processors 2-16        ;   0.0%      ;
+----------------------------+-------------+


+--------------------------------------------------------------------------------------------------------------------------------------------------------------------------+
; Analysis & Synthesis Source Files Read                                                                                                                                   ;
+----------------------------------+-----------------+------------------------------+----------------------------------------------------------------------------+---------+
; File Name with User-Entered Path ; Used in Netlist ; File Type                    ; File Name with Absolute Path                                               ; Library ;
+----------------------------------+-----------------+------------------------------+----------------------------------------------------------------------------+---------+
; trafficlight.v                   ; yes             ; User Verilog HDL File        ; D:/intelFPGA_lite/traffic light/trafficlight.v                             ;         ;
; lpm_divide.tdf                   ; yes             ; Megafunction                 ; d:/intelfpga_lite/17.1/quartus/libraries/megafunctions/lpm_divide.tdf      ;         ;
; abs_divider.inc                  ; yes             ; Megafunction                 ; d:/intelfpga_lite/17.1/quartus/libraries/megafunctions/abs_divider.inc     ;         ;
; sign_div_unsign.inc              ; yes             ; Megafunction                 ; d:/intelfpga_lite/17.1/quartus/libraries/megafunctions/sign_div_unsign.inc ;         ;
; aglobal171.inc                   ; yes             ; Megafunction                 ; d:/intelfpga_lite/17.1/quartus/libraries/megafunctions/aglobal171.inc      ;         ;
; db/lpm_divide_m9m.tdf            ; yes             ; Auto-Generated Megafunction  ; D:/intelFPGA_lite/traffic light/db/lpm_divide_m9m.tdf                      ;         ;
; db/sign_div_unsign_bkh.tdf       ; yes             ; Auto-Generated Megafunction  ; D:/intelFPGA_lite/traffic light/db/sign_div_unsign_bkh.tdf                 ;         ;
; db/alt_u_div_a4f.tdf             ; yes             ; Auto-Generated Megafunction  ; D:/intelFPGA_lite/traffic light/db/alt_u_div_a4f.tdf                       ;         ;
; db/add_sub_7pc.tdf               ; yes             ; Auto-Generated Megafunction  ; D:/intelFPGA_lite/traffic light/db/add_sub_7pc.tdf                         ;         ;
; db/add_sub_8pc.tdf               ; yes             ; Auto-Generated Megafunction  ; D:/intelFPGA_lite/traffic light/db/add_sub_8pc.tdf                         ;         ;
; db/lpm_divide_jhm.tdf            ; yes             ; Auto-Generated Megafunction  ; D:/intelFPGA_lite/traffic light/db/lpm_divide_jhm.tdf                      ;         ;
+----------------------------------+-----------------+------------------------------+----------------------------------------------------------------------------+---------+


+---------------------------------------------------------+
; Analysis & Synthesis Resource Usage Summary             ;
+---------------------------------------------+-----------+
; Resource                                    ; Usage     ;
+---------------------------------------------+-----------+
; Estimated Total logic elements              ; 223       ;
;                                             ;           ;
; Total combinational functions               ; 216       ;
; Logic element usage by number of LUT inputs ;           ;
;     -- 4 input functions                    ; 49        ;
;     -- 3 input functions                    ; 38        ;
;     -- <=2 input functions                  ; 129       ;
;                                             ;           ;
; Logic elements by mode                      ;           ;
;     -- normal mode                          ; 132       ;
;     -- arithmetic mode                      ; 84        ;
;                                             ;           ;
; Total registers                             ; 60        ;
;     -- Dedicated logic registers            ; 60        ;
;     -- I/O registers                        ; 0         ;
;                                             ;           ;
; I/O pins                                    ; 34        ;
;                                             ;           ;
; Embedded Multiplier 9-bit elements          ; 0         ;
;                                             ;           ;
; Maximum fan-out node                        ; clk~input ;
; Maximum fan-out                             ; 44        ;
; Total fan-out                               ; 804       ;
; Average fan-out                             ; 2.34      ;
+---------------------------------------------+-----------+


+------------------------------------------------------------------------------------------------------------------------------------------------------------------------------------------------------------------------------------------------------------------------------------------------------------------------+
; Analysis & Synthesis Resource Utilization by Entity                                                                                                                                                                                                                                                                    ;
+----------------------------------------+---------------------+---------------------------+-------------+--------------+---------+-----------+------+--------------+---------------------------------------------------------------------------------------------------------------+---------------------+--------------+
; Compilation Hierarchy Node             ; Combinational ALUTs ; Dedicated Logic Registers ; Memory Bits ; DSP Elements ; DSP 9x9 ; DSP 18x18 ; Pins ; Virtual Pins ; Full Hierarchy Name                                                                                           ; Entity Name         ; Library Name ;
+----------------------------------------+---------------------+---------------------------+-------------+--------------+---------+-----------+------+--------------+---------------------------------------------------------------------------------------------------------------+---------------------+--------------+
; |trafficlight                          ; 216 (104)           ; 60 (60)                   ; 0           ; 0            ; 0       ; 0         ; 34   ; 0            ; |trafficlight                                                                                                 ; trafficlight        ; work         ;
;    |lpm_divide:Div0|                   ; 56 (0)              ; 0 (0)                     ; 0           ; 0            ; 0       ; 0         ; 0    ; 0            ; |trafficlight|lpm_divide:Div0                                                                                 ; lpm_divide          ; work         ;
;       |lpm_divide_jhm:auto_generated|  ; 56 (0)              ; 0 (0)                     ; 0           ; 0            ; 0       ; 0         ; 0    ; 0            ; |trafficlight|lpm_divide:Div0|lpm_divide_jhm:auto_generated                                                   ; lpm_divide_jhm      ; work         ;
;          |sign_div_unsign_bkh:divider| ; 56 (0)              ; 0 (0)                     ; 0           ; 0            ; 0       ; 0         ; 0    ; 0            ; |trafficlight|lpm_divide:Div0|lpm_divide_jhm:auto_generated|sign_div_unsign_bkh:divider                       ; sign_div_unsign_bkh ; work         ;
;             |alt_u_div_a4f:divider|    ; 56 (56)             ; 0 (0)                     ; 0           ; 0            ; 0       ; 0         ; 0    ; 0            ; |trafficlight|lpm_divide:Div0|lpm_divide_jhm:auto_generated|sign_div_unsign_bkh:divider|alt_u_div_a4f:divider ; alt_u_div_a4f       ; work         ;
;    |lpm_divide:Mod0|                   ; 56 (0)              ; 0 (0)                     ; 0           ; 0            ; 0       ; 0         ; 0    ; 0            ; |trafficlight|lpm_divide:Mod0                                                                                 ; lpm_divide          ; work         ;
;       |lpm_divide_m9m:auto_generated|  ; 56 (0)              ; 0 (0)                     ; 0           ; 0            ; 0       ; 0         ; 0    ; 0            ; |trafficlight|lpm_divide:Mod0|lpm_divide_m9m:auto_generated                                                   ; lpm_divide_m9m      ; work         ;
;          |sign_div_unsign_bkh:divider| ; 56 (0)              ; 0 (0)                     ; 0           ; 0            ; 0       ; 0         ; 0    ; 0            ; |trafficlight|lpm_divide:Mod0|lpm_divide_m9m:auto_generated|sign_div_unsign_bkh:divider                       ; sign_div_unsign_bkh ; work         ;
;             |alt_u_div_a4f:divider|    ; 56 (56)             ; 0 (0)                     ; 0           ; 0            ; 0       ; 0         ; 0    ; 0            ; |trafficlight|lpm_divide:Mod0|lpm_divide_m9m:auto_generated|sign_div_unsign_bkh:divider|alt_u_div_a4f:divider ; alt_u_div_a4f       ; work         ;
+----------------------------------------+---------------------+---------------------------+-------------+--------------+---------+-----------+------+--------------+---------------------------------------------------------------------------------------------------------------+---------------------+--------------+
Note: For table entries with two numbers listed, the numbers in parentheses indicate the number of resources of the given type used by the specific entity alone. The numbers listed outside of parentheses indicate the total resources of the given type used by the specific entity and all of its sub-entities in the hierarchy.


Encoding Type:  One-Hot
+----------------------------------------------------------------------------------------------------------------------------------------------------------------------+
; State Machine - |trafficlight|state                                                                                                                                  ;
+------------------+------------------+------------------+-----------------+-----------------+------------------+------------------+-----------------+-----------------+
; Name             ; state.S_B_LEFT_Y ; state.S_B_LEFT_G ; state.S_B_STR_Y ; state.S_B_STR_G ; state.S_A_LEFT_Y ; state.S_A_LEFT_G ; state.S_A_STR_Y ; state.S_A_STR_G ;
+------------------+------------------+------------------+-----------------+-----------------+------------------+------------------+-----------------+-----------------+
; state.S_A_STR_G  ; 0                ; 0                ; 0               ; 0               ; 0                ; 0                ; 0               ; 0               ;
; state.S_A_STR_Y  ; 0                ; 0                ; 0               ; 0               ; 0                ; 0                ; 1               ; 1               ;
; state.S_A_LEFT_G ; 0                ; 0                ; 0               ; 0               ; 0                ; 1                ; 0               ; 1               ;
; state.S_A_LEFT_Y ; 0                ; 0                ; 0               ; 0               ; 1                ; 0                ; 0               ; 1               ;
; state.S_B_STR_G  ; 0                ; 0                ; 0               ; 1               ; 0                ; 0                ; 0               ; 1               ;
; state.S_B_STR_Y  ; 0                ; 0                ; 1               ; 0               ; 0                ; 0                ; 0               ; 1               ;
; state.S_B_LEFT_G ; 0                ; 1                ; 0               ; 0               ; 0                ; 0                ; 0               ; 1               ;
; state.S_B_LEFT_Y ; 1                ; 0                ; 0               ; 0               ; 0                ; 0                ; 0               ; 1               ;
+------------------+------------------+------------------+-----------------+-----------------+------------------+------------------+-----------------+-----------------+


+------------------------------------------------------------+
; Registers Removed During Synthesis                         ;
+---------------------------------------+--------------------+
; Register name                         ; Reason for Removal ;
+---------------------------------------+--------------------+
; state~4                               ; Lost fanout        ;
; state~5                               ; Lost fanout        ;
; state~6                               ; Lost fanout        ;
; Total Number of Removed Registers = 3 ;                    ;
+---------------------------------------+--------------------+


+------------------------------------------------------+
; General Register Statistics                          ;
+----------------------------------------------+-------+
; Statistic                                    ; Value ;
+----------------------------------------------+-------+
; Total registers                              ; 60    ;
; Number of registers using Synchronous Clear  ; 26    ;
; Number of registers using Synchronous Load   ; 0     ;
; Number of registers using Asynchronous Clear ; 43    ;
; Number of registers using Asynchronous Load  ; 0     ;
; Number of registers using Clock Enable       ; 8     ;
; Number of registers using Preset             ; 0     ;
+----------------------------------------------+-------+


+--------------------------------------------------+
; Inverted Register Statistics                     ;
+----------------------------------------+---------+
; Inverted Register                      ; Fan out ;
+----------------------------------------+---------+
; cnt_time[1]                            ; 9       ;
; cnt_time[0]                            ; 5       ;
; cnt_time[2]                            ; 10      ;
; cnt_time[3]                            ; 18      ;
; Total number of inverted registers = 4 ;         ;
+----------------------------------------+---------+


+------------------------------------------------------------------------------+
; Parameter Settings for User Entity Instance: Top-level Entity: |trafficlight ;
+----------------+----------+--------------------------------------------------+
; Parameter Name ; Value    ; Type                                             ;
+----------------+----------+--------------------------------------------------+
; T_STRAIGHT     ; 00001111 ; Unsigned Binary                                  ;
; T_LEFT         ; 00001010 ; Unsigned Binary                                  ;
; T_YELLOW       ; 00000011 ; Unsigned Binary                                  ;
; T_BLINK        ; 00000101 ; Unsigned Binary                                  ;
+----------------+----------+--------------------------------------------------+
Note: In order to hide this table in the UI and the text report file, please set the "Show Parameter Settings in Synthesis Report" option in "Analysis and Synthesis Settings -> More Settings" to "Off".


+------------------------------------------------------------------+
; Parameter Settings for Inferred Entity Instance: lpm_divide:Mod0 ;
+------------------------+----------------+------------------------+
; Parameter Name         ; Value          ; Type                   ;
+------------------------+----------------+------------------------+
; LPM_WIDTHN             ; 8              ; Untyped                ;
; LPM_WIDTHD             ; 4              ; Untyped                ;
; LPM_NREPRESENTATION    ; UNSIGNED       ; Untyped                ;
; LPM_DREPRESENTATION    ; UNSIGNED       ; Untyped                ;
; LPM_PIPELINE           ; 0              ; Untyped                ;
; LPM_REMAINDERPOSITIVE  ; TRUE           ; Untyped                ;
; MAXIMIZE_SPEED         ; 5              ; Untyped                ;
; CBXI_PARAMETER         ; lpm_divide_m9m ; Untyped                ;
; CARRY_CHAIN            ; MANUAL         ; Untyped                ;
; OPTIMIZE_FOR_SPEED     ; 5              ; Untyped                ;
; AUTO_CARRY_CHAINS      ; ON             ; AUTO_CARRY             ;
; IGNORE_CARRY_BUFFERS   ; OFF            ; IGNORE_CARRY           ;
; AUTO_CASCADE_CHAINS    ; ON             ; AUTO_CASCADE           ;
; IGNORE_CASCADE_BUFFERS ; OFF            ; IGNORE_CASCADE         ;
+------------------------+----------------+------------------------+
Note: In order to hide this table in the UI and the text report file, please set the "Show Parameter Settings in Synthesis Report" option in "Analysis and Synthesis Settings -> More Settings" to "Off".


+------------------------------------------------------------------+
; Parameter Settings for Inferred Entity Instance: lpm_divide:Div0 ;
+------------------------+----------------+------------------------+
; Parameter Name         ; Value          ; Type                   ;
+------------------------+----------------+------------------------+
; LPM_WIDTHN             ; 8              ; Untyped                ;
; LPM_WIDTHD             ; 4              ; Untyped                ;
; LPM_NREPRESENTATION    ; UNSIGNED       ; Untyped                ;
; LPM_DREPRESENTATION    ; UNSIGNED       ; Untyped                ;
; LPM_PIPELINE           ; 0              ; Untyped                ;
; LPM_REMAINDERPOSITIVE  ; TRUE           ; Untyped                ;
; MAXIMIZE_SPEED         ; 5              ; Untyped                ;
; CBXI_PARAMETER         ; lpm_divide_jhm ; Untyped                ;
; CARRY_CHAIN            ; MANUAL         ; Untyped                ;
; OPTIMIZE_FOR_SPEED     ; 5              ; Untyped                ;
; AUTO_CARRY_CHAINS      ; ON             ; AUTO_CARRY             ;
; IGNORE_CARRY_BUFFERS   ; OFF            ; IGNORE_CARRY           ;
; AUTO_CASCADE_CHAINS    ; ON             ; AUTO_CASCADE           ;
; IGNORE_CASCADE_BUFFERS ; OFF            ; IGNORE_CASCADE         ;
+------------------------+----------------+------------------------+
Note: In order to hide this table in the UI and the text report file, please set the "Show Parameter Settings in Synthesis Report" option in "Analysis and Synthesis Settings -> More Settings" to "Off".


+-----------------------------------------------------+
; Post-Synthesis Netlist Statistics for Top Partition ;
+-----------------------+-----------------------------+
; Type                  ; Count                       ;
+-----------------------+-----------------------------+
; boundary_port         ; 34                          ;
; cycloneiii_ff         ; 60                          ;
;     CLR               ; 9                           ;
;     CLR SCLR          ; 26                          ;
;     ENA CLR           ; 8                           ;
;     plain             ; 17                          ;
; cycloneiii_lcell_comb ; 225                         ;
;     arith             ; 84                          ;
;         2 data inputs ; 51                          ;
;         3 data inputs ; 33                          ;
;     normal            ; 141                         ;
;         0 data inputs ; 11                          ;
;         1 data inputs ; 14                          ;
;         2 data inputs ; 62                          ;
;         3 data inputs ; 5                           ;
;         4 data inputs ; 49                          ;
;                       ;                             ;
; Max LUT depth         ; 14.90                       ;
; Average LUT depth     ; 7.86                        ;
+-----------------------+-----------------------------+


+-------------------------------+
; Elapsed Time Per Partition    ;
+----------------+--------------+
; Partition Name ; Elapsed Time ;
+----------------+--------------+
; Top            ; 00:00:00     ;
+----------------+--------------+


+-------------------------------+
; Analysis & Synthesis Messages ;
+-------------------------------+
Info: *******************************************************************
Info: Running Quartus Prime Analysis & Synthesis
    Info: Version 17.1.0 Build 590 10/25/2017 SJ Lite Edition
    Info: Processing started: Fri Dec 26 21:06:20 2025
Info: Command: quartus_map --read_settings_files=on --write_settings_files=off trafficlight -c trafficlight
Warning (18236): Number of processors has not been specified which may cause overloading on shared machines.  Set the global assignment NUM_PARALLEL_PROCESSORS in your QSF to an appropriate value for best performance.
Info (20030): Parallel compilation is enabled and will use 16 of the 32 processors detected
Info (12021): Found 1 design units, including 1 entities, in source file trafficlight.v
    Info (12023): Found entity 1: trafficlight File: D:/intelFPGA_lite/traffic light/trafficlight.v Line: 1
Info (12127): Elaborating entity "trafficlight" for the top level hierarchy
Warning (10230): Verilog HDL assignment warning at trafficlight.v(56): truncated value with size 32 to match size of target (26) File: D:/intelFPGA_lite/traffic light/trafficlight.v Line: 56
Warning (10230): Verilog HDL assignment warning at trafficlight.v(71): truncated value with size 32 to match size of target (8) File: D:/intelFPGA_lite/traffic light/trafficlight.v Line: 71
Warning (10230): Verilog HDL assignment warning at trafficlight.v(72): truncated value with size 32 to match size of target (8) File: D:/intelFPGA_lite/traffic light/trafficlight.v Line: 72
Warning (10230): Verilog HDL assignment warning at trafficlight.v(73): truncated value with size 32 to match size of target (8) File: D:/intelFPGA_lite/traffic light/trafficlight.v Line: 73
Warning (10230): Verilog HDL assignment warning at trafficlight.v(74): truncated value with size 32 to match size of target (8) File: D:/intelFPGA_lite/traffic light/trafficlight.v Line: 74
Warning (10230): Verilog HDL assignment warning at trafficlight.v(75): truncated value with size 32 to match size of target (8) File: D:/intelFPGA_lite/traffic light/trafficlight.v Line: 75
Warning (10230): Verilog HDL assignment warning at trafficlight.v(76): truncated value with size 32 to match size of target (8) File: D:/intelFPGA_lite/traffic light/trafficlight.v Line: 76
Warning (10230): Verilog HDL assignment warning at trafficlight.v(77): truncated value with size 32 to match size of target (8) File: D:/intelFPGA_lite/traffic light/trafficlight.v Line: 77
Warning (10230): Verilog HDL assignment warning at trafficlight.v(78): truncated value with size 32 to match size of target (8) File: D:/intelFPGA_lite/traffic light/trafficlight.v Line: 78
Warning (10230): Verilog HDL assignment warning at trafficlight.v(79): truncated value with size 32 to match size of target (8) File: D:/intelFPGA_lite/traffic light/trafficlight.v Line: 79
Warning (10230): Verilog HDL assignment warning at trafficlight.v(82): truncated value with size 32 to match size of target (8) File: D:/intelFPGA_lite/traffic light/trafficlight.v Line: 82
Warning (10230): Verilog HDL assignment warning at trafficlight.v(98): truncated value with size 32 to match size of target (1) File: D:/intelFPGA_lite/traffic light/trafficlight.v Line: 98
Warning (10230): Verilog HDL assignment warning at trafficlight.v(105): truncated value with size 32 to match size of target (1) File: D:/intelFPGA_lite/traffic light/trafficlight.v Line: 105
Warning (10230): Verilog HDL assignment warning at trafficlight.v(113): truncated value with size 32 to match size of target (1) File: D:/intelFPGA_lite/traffic light/trafficlight.v Line: 113
Warning (10230): Verilog HDL assignment warning at trafficlight.v(120): truncated value with size 32 to match size of target (1) File: D:/intelFPGA_lite/traffic light/trafficlight.v Line: 120
Warning (10230): Verilog HDL assignment warning at trafficlight.v(138): truncated value with size 32 to match size of target (16) File: D:/intelFPGA_lite/traffic light/trafficlight.v Line: 138
Warning (10230): Verilog HDL assignment warning at trafficlight.v(140): truncated value with size 32 to match size of target (4) File: D:/intelFPGA_lite/traffic light/trafficlight.v Line: 140
Warning (10230): Verilog HDL assignment warning at trafficlight.v(141): truncated value with size 32 to match size of target (4) File: D:/intelFPGA_lite/traffic light/trafficlight.v Line: 141
Info (278001): Inferred 2 megafunctions from design logic
    Info (278004): Inferred divider/modulo megafunction ("lpm_divide") from the following logic: "Mod0" File: D:/intelFPGA_lite/traffic light/trafficlight.v Line: 141
    Info (278004): Inferred divider/modulo megafunction ("lpm_divide") from the following logic: "Div0" File: D:/intelFPGA_lite/traffic light/trafficlight.v Line: 140
Info (12130): Elaborated megafunction instantiation "lpm_divide:Mod0" File: D:/intelFPGA_lite/traffic light/trafficlight.v Line: 141
Info (12133): Instantiated megafunction "lpm_divide:Mod0" with the following parameter: File: D:/intelFPGA_lite/traffic light/trafficlight.v Line: 141
    Info (12134): Parameter "LPM_WIDTHN" = "8"
    Info (12134): Parameter "LPM_WIDTHD" = "4"
    Info (12134): Parameter "LPM_NREPRESENTATION" = "UNSIGNED"
    Info (12134): Parameter "LPM_DREPRESENTATION" = "UNSIGNED"
Info (12021): Found 1 design units, including 1 entities, in source file db/lpm_divide_m9m.tdf
    Info (12023): Found entity 1: lpm_divide_m9m File: D:/intelFPGA_lite/traffic light/db/lpm_divide_m9m.tdf Line: 24
Info (12021): Found 1 design units, including 1 entities, in source file db/sign_div_unsign_bkh.tdf
    Info (12023): Found entity 1: sign_div_unsign_bkh File: D:/intelFPGA_lite/traffic light/db/sign_div_unsign_bkh.tdf Line: 24
Info (12021): Found 1 design units, including 1 entities, in source file db/alt_u_div_a4f.tdf
    Info (12023): Found entity 1: alt_u_div_a4f File: D:/intelFPGA_lite/traffic light/db/alt_u_div_a4f.tdf Line: 26
Info (12021): Found 1 design units, including 1 entities, in source file db/add_sub_7pc.tdf
    Info (12023): Found entity 1: add_sub_7pc File: D:/intelFPGA_lite/traffic light/db/add_sub_7pc.tdf Line: 22
Info (12021): Found 1 design units, including 1 entities, in source file db/add_sub_8pc.tdf
    Info (12023): Found entity 1: add_sub_8pc File: D:/intelFPGA_lite/traffic light/db/add_sub_8pc.tdf Line: 22
Info (12130): Elaborated megafunction instantiation "lpm_divide:Div0" File: D:/intelFPGA_lite/traffic light/trafficlight.v Line: 140
Info (12133): Instantiated megafunction "lpm_divide:Div0" with the following parameter: File: D:/intelFPGA_lite/traffic light/trafficlight.v Line: 140
    Info (12134): Parameter "LPM_WIDTHN" = "8"
    Info (12134): Parameter "LPM_WIDTHD" = "4"
    Info (12134): Parameter "LPM_NREPRESENTATION" = "UNSIGNED"
    Info (12134): Parameter "LPM_DREPRESENTATION" = "UNSIGNED"
Info (12021): Found 1 design units, including 1 entities, in source file db/lpm_divide_jhm.tdf
    Info (12023): Found entity 1: lpm_divide_jhm File: D:/intelFPGA_lite/traffic light/db/lpm_divide_jhm.tdf Line: 24
Info (13000): Registers with preset signals will power-up high File: D:/intelFPGA_lite/traffic light/trafficlight.v Line: 69
Info (13003): DEV_CLRn pin will set, and not reset, register with preset signal due to NOT Gate Push-Back
Warning (13024): Output pins are stuck at VCC or GND
    Warning (13410): Pin "seg_led[7]" is stuck at VCC File: D:/intelFPGA_lite/traffic light/trafficlight.v Line: 23
Info (286030): Timing-Driven Synthesis is running
Info (17049): 3 registers lost all their fanouts during netlist optimizations.
Info (16010): Generating hard_block partition "hard_block:auto_generated_inst"
    Info (16011): Adding 0 node(s), including 0 DDIO, 0 PLL, 0 transceiver and 0 LCELL
Info (21057): Implemented 257 device resources after synthesis - the final resource count might be different
    Info (21058): Implemented 2 input pins
    Info (21059): Implemented 32 output pins
    Info (21061): Implemented 223 logic cells
Info: Quartus Prime Analysis & Synthesis was successful. 0 errors, 21 warnings
    Info: Peak virtual memory: 4849 megabytes
    Info: Processing ended: Fri Dec 26 21:06:29 2025
    Info: Elapsed time: 00:00:09
    Info: Total CPU time (on all processors): 00:00:14


